[START] task=sre_task_1 env=cloud-sre-env model=gpt-4o
LLM call failed (Error code: 404 - {'detail': 'Not Found'}), using deterministic fallback.
[STEP] step=1 action={"action_type": "query_metrics", "service": "cache", "metric": "memory_usage"} reward=0.2810 done=false error=null
LLM call failed (Error code: 404 - {'detail': 'Not Found'}), using deterministic fallback.
[STEP] step=2 action={"action_type": "fetch_logs", "service": "cache", "lines": 20} reward=0.5810 done=false error=null
LLM call failed (Error code: 404 - {'detail': 'Not Found'}), using deterministic fallback.
[STEP] step=3 action={"action_type": "resolve_incident", "resolution_notes": "OOM in cache compaction. Increased heap limit and restarted compaction service."} reward=0.9110 done=true error=null
[END] success=true steps=3 rewards=0.2810,0.5810,0.9110
[START] task=sre_task_2 env=cloud-sre-env model=gpt-4o
LLM call failed (Error code: 404 - {'detail': 'Not Found'}), using deterministic fallback.
[STEP] step=1 action={"action_type": "list_deployments", "service": "payment-gateway"} reward=0.2210 done=false error=null
LLM call failed (Error code: 404 - {'detail': 'Not Found'}), using deterministic fallback.
[STEP] step=2 action={"action_type": "rollback_deployment", "service": "payment-gateway", "version": "v1.0.3"} reward=0.5710 done=false error=null
LLM call failed (Error code: 404 - {'detail': 'Not Found'}), using deterministic fallback.
[STEP] step=3 action={"action_type": "resolve_incident", "resolution_notes": "Incident investigation complete. System stabilized."} reward=0.8710 done=true error=null
[END] success=true steps=3 rewards=0.2210,0.5710,0.8710
[START] task=sre_task_3 env=cloud-sre-env model=gpt-4o
LLM call failed (Error code: 404 - {'detail': 'Not Found'}), using deterministic fallback.
[STEP] step=1 action={"action_type": "fetch_logs", "service": "frontend", "lines": 20} reward=0.1610 done=false error=null
LLM call failed (Error code: 404 - {'detail': 'Not Found'}), using deterministic fallback.
[STEP] step=2 action={"action_type": "fetch_logs", "service": "cart-service", "lines": 20} reward=0.3210 done=false error=null
LLM call failed (Error code: 404 - {'detail': 'Not Found'}), using deterministic fallback.
[STEP] step=3 action={"action_type": "run_db_query", "query": "SELECT * FROM pg_stat_activity WHERE state='active'"} reward=0.5010 done=false error=null
LLM call failed (Error code: 404 - {'detail': 'Not Found'}), using deterministic fallback.
[STEP] step=4 action={"action_type": "run_db_query", "query": "SELECT pg_terminate_backend(9942)"} reward=0.7210 done=false error=null
LLM call failed (Error code: 404 - {'detail': 'Not Found'}), using deterministic fallback.
[STEP] step=5 action={"action_type": "resolve_incident", "resolution_notes": "Incident investigation complete. System stabilized."} reward=0.9210 done=true error=null
[END] success=true steps=5 rewards=0.1610,0.3210,0.5010,0.7210,0.9210
